// Jest Snapshot v1, https://goo.gl/fbAQLP

exports[`App snapshot render amount and divider 1`] = `ShallowWrapper {}`;

exports[`App snapshot take snapshot 1`] = `ShallowWrapper {}`;
